// Jest Snapshot v1, https://goo.gl/fbAQLP

exports[`ExampleComponent should match snapshot 1`] = `
.c0 {
  padding: 2rem;
  background-color: #EBECED;
  font-size: 1.5rem;
  font-weight: 700;
}

<div
  class="c0 border border-grey m-5"
/>
`;
